Drill report for U:\PCBs\ZX Spectrum\PlusD_Clone_MOD_1_2\PlusD_Clone_MOD_1_2.kicad_pcb
Created on 11-07-2020 12:48:48 PM

Copper Layer Stackup:
    =============================================================
    L1 :  F.Cu                      front
    L2 :  B.Cu                      back


Drill file 'PlusD_Clone_MOD_1_2-PTH.drl' contains
    plated through holes:
    =============================================================
    T1  0,40mm  0,016"  (83 holes)
    T2  0,50mm  0,020"  (24 holes)
    T3  0,80mm  0,031"  (292 holes)
    T4  0,90mm  0,035"  (10 holes)
    T5  1,00mm  0,039"  (79 holes)
    T6  1,02mm  0,040"  (3 holes)
    T7  1,10mm  0,043"  (8 holes)
    T8  1,50mm  0,059"  (2 holes)
    T9  3,20mm  0,126"  (2 holes)
    T10  3,50mm  0,138"  (3 holes)

    Total plated holes count 506


Drill file 'PlusD_Clone_MOD_1_2-NPTH.drl' contains
    unplated through holes:
    =============================================================

    Total unplated holes count 0
